0,0.17327265441417694,0.3743070960044861
1,0.11644407361745834,0.2261774241924286
2,0.11258017271757126,0.22884702682495117
3,0.11681978404521942,0.24123911559581757
4,0.12036009877920151,0.25364696979522705
5,0.11543601006269455,0.2480730563402176
6,0.11359327286481857,0.23845039308071136
7,0.11028459668159485,0.22925853729248047
8,0.10989923030138016,0.22710652649402618
9,0.1084078699350357,0.2230757176876068
10,0.10831235349178314,0.21942421793937683
11,0.1091795265674591,0.21552632749080658
12,0.10885039716959,0.21094363927841187
13,0.10832706093788147,0.2126888930797577
14,0.10931701958179474,0.21511778235435486
15,0.10847592353820801,0.21394896507263184
16,0.10879877209663391,0.2144274264574051
17,0.10873211175203323,0.21514958143234253
18,0.10854078829288483,0.2160845845937729
19,0.10845852643251419,0.21637289226055145
20,0.10941634327173233,0.21702149510383606
21,0.10934042185544968,0.21750561892986298
22,0.10941286385059357,0.21757300198078156
23,0.10863389074802399,0.21848061680793762
24,0.10779810696840286,0.21894073486328125
25,0.10816206783056259,0.21518558263778687
26,0.10824413597583771,0.21465109288692474
27,0.10811087489128113,0.21304424107074738
28,0.1082526370882988,0.21368838846683502
29,0.10846783220767975,0.21420268714427948
30,0.10901341587305069,0.21334999799728394
31,0.10935764759778976,0.21437597274780273
32,0.109426349401474,0.21406041085720062
33,0.10905042290687561,0.2145073264837265
34,0.10926607996225357,0.21469217538833618
35,0.10960211604833603,0.21269235014915466
36,0.10973519086837769,0.21163518726825714
37,0.10961880534887314,0.2094597965478897
38,0.1094481348991394,0.21009090542793274
39,0.10993210971355438,0.21011173725128174
40,0.11006035655736923,0.20832641422748566
41,0.11032720655202866,0.20813585817813873
42,0.1104382574558258,0.20625793933868408
43,0.10990636050701141,0.20722588896751404
44,0.1095714345574379,0.2076249122619629
45,0.10927226394414902,0.2074497938156128
46,0.10922557860612869,0.2077874094247818
47,0.10881049931049347,0.2059023231267929
48,0.10908637195825577,0.20583347976207733
49,0.10849729925394058,0.2066020518541336
50,0.10880441963672638,0.20603252947330475
51,0.10890646278858185,0.2061392217874527
52,0.10884222388267517,0.20659169554710388
53,0.1087755635380745,0.20664970576763153
54,0.10837027430534363,0.20710179209709167
55,0.10855673998594284,0.20750829577445984
56,0.10828832536935806,0.2074587494134903
57,0.10821158438920975,0.20772801339626312
58,0.10835587233304977,0.20792025327682495
59,0.10850964486598969,0.20827940106391907
60,0.1086566373705864,0.2074148803949356
61,0.10884623229503632,0.20745335519313812
62,0.1088513433933258,0.20764502882957458
63,0.1084403321146965,0.20748555660247803
64,0.10820543766021729,0.20713664591312408
65,0.10814596712589264,0.2072167545557022
66,0.10816453397274017,0.20743930339813232
67,0.1082623079419136,0.2069871574640274
68,0.1082223579287529,0.2072852998971939
69,0.10805661231279373,0.20749300718307495
70,0.1079159677028656,0.20800535380840302
71,0.10800958424806595,0.20820000767707825
72,0.10806210339069366,0.2079917937517166
73,0.10791391134262085,0.2077174186706543
74,0.10779644548892975,0.20771640539169312
75,0.10786973685026169,0.20770151913166046
76,0.10787291824817657,0.20780910551548004
77,0.10812032967805862,0.2079513818025589
78,0.10798445343971252,0.20799143612384796
79,0.1080845445394516,0.20780202746391296
80,0.10801595449447632,0.20713894069194794
81,0.10798757523298264,0.20709949731826782
82,0.10799962282180786,0.207136332988739
83,0.10826055705547333,0.20724520087242126
84,0.10817888379096985,0.20685960352420807
85,0.1082136332988739,0.20686191320419312
86,0.10835166275501251,0.2066933512687683
87,0.10818631201982498,0.20687302947044373
88,0.10831288993358612,0.2070315033197403
89,0.10804510861635208,0.20709221065044403
90,0.10790141671895981,0.2071230262517929
91,0.10778376460075378,0.20716728270053864
92,0.10722154378890991,0.2056654691696167
93,0.10748334228992462,0.20556339621543884
94,0.10763672739267349,0.2052956521511078
95,0.1077176183462143,0.2049102783203125
96,0.10754790902137756,0.20526878535747528
97,0.10772845894098282,0.2052193135023117
98,0.10777758061885834,0.2051633894443512
99,0.10792344808578491,0.20529374480247498
100,0.10807383805513382,0.2052372246980667
101,0.10790395736694336,0.20538431406021118
102,0.10789959877729416,0.205429345369339
103,0.10776571929454803,0.2057270109653473
104,0.10775484889745712,0.20582766830921173
105,0.10775690525770187,0.20578031241893768
106,0.10788028687238693,0.2059471160173416
107,0.10785078257322311,0.206072598695755
108,0.10781120508909225,0.2062089443206787
109,0.10786772519350052,0.20619910955429077
110,0.1077316403388977,0.20612189173698425
111,0.10772079229354858,0.20623832941055298
112,0.10775915533304214,0.20557157695293427
113,0.10784845799207687,0.20523834228515625
114,0.10798269510269165,0.20541435480117798
115,0.108134925365448,0.20520977675914764
116,0.10798246413469315,0.2053409367799759
117,0.1078905537724495,0.20547884702682495
118,0.107895627617836,0.20550957322120667
119,0.10799234360456467,0.2055746167898178
120,0.10806742310523987,0.20534273982048035
121,0.10821204632520676,0.20523354411125183
122,0.1081913411617279,0.20500297844409943
123,0.108113132417202,0.20510461926460266
124,0.10809759050607681,0.20516841113567352
125,0.10798034071922302,0.20464006066322327
126,0.10771171748638153,0.20473623275756836
127,0.10769906640052795,0.20492541790008545
128,0.10774393379688263,0.20500017702579498
129,0.1076020672917366,0.20492619276046753
130,0.10760407149791718,0.20472383499145508
131,0.10750293731689453,0.20468147099018097
132,0.10754422843456268,0.20466729998588562
133,0.10772763937711716,0.2046741545200348
134,0.10777545720338821,0.20491327345371246
135,0.10793797671794891,0.20487730205059052
136,0.10786893963813782,0.20503295958042145
137,0.10788372904062271,0.20504100620746613
138,0.10769633203744888,0.20498883724212646
139,0.10777612775564194,0.20512144267559052
140,0.10778810828924179,0.20490287244319916
141,0.10778862237930298,0.2051278054714203
142,0.10782978683710098,0.20497193932533264
143,0.10764206945896149,0.2050704061985016
144,0.10766716301441193,0.2051229178905487
145,0.10760773718357086,0.20517155528068542
146,0.10749796777963638,0.2050112932920456
147,0.10733272135257721,0.20500430464744568
148,0.1072302833199501,0.20482750236988068
149,0.10732867568731308,0.2048761248588562
150,0.1072690561413765,0.20483551919460297
151,0.10734251141548157,0.2048836648464203
152,0.10722210258245468,0.20508238673210144
153,0.10734657943248749,0.20532609522342682
154,0.10714615881443024,0.20514637231826782
155,0.10706838965415955,0.20531798899173737
156,0.10712657868862152,0.2051668018102646
157,0.10720950365066528,0.2053026407957077
158,0.10723687708377838,0.20534691214561462
159,0.10707538574934006,0.20561066269874573
160,0.10709112882614136,0.2054567039012909
161,0.10715164989233017,0.20523063838481903
162,0.10705801844596863,0.20535920560359955
163,0.10703364759683609,0.20537620782852173
164,0.1071716919541359,0.2053438127040863
165,0.10723406821489334,0.205391988158226
166,0.10723603516817093,0.20529396831989288
167,0.10718169063329697,0.20515476167201996
168,0.10712555795907974,0.20510300993919373
169,0.10717702656984329,0.20514747500419617
170,0.1072145402431488,0.20514491200447083
171,0.10731150954961777,0.2050679326057434
172,0.10728038102388382,0.2050797939300537
173,0.10724818706512451,0.20496316254138947
174,0.1072349101305008,0.20491978526115417
