[0m20:00:47.395272 [debug] [MainThread]: Sending event: {'category': 'dbt', 'action': 'invocation', 'label': 'start', 'context': [<snowplow_tracker.self_describing_json.SelfDescribingJson object at 0x76993d6b2120>, <snowplow_tracker.self_describing_json.SelfDescribingJson object at 0x76993c2a7ed0>, <snowplow_tracker.self_describing_json.SelfDescribingJson object at 0x76993c2a7890>]}


============================== 20:00:47.398516 | 1dd740a4-1d5a-47f2-aee3-0b8cc93c3077 ==============================
[0m20:00:47.398516 [info ] [MainThread]: Running with dbt=1.12.0
[0m20:00:47.399115 [debug] [MainThread]: running dbt with arguments {'profiles_dir': '/home/training/.dbt', 'printer_width': '80', 'empty': 'None', 'log_path': 'logs', 'debug': 'False', 'target_path': 'None', 'static_parser': 'True', 'maximum_seed_size_mib': '1', 'invocation_command': 'dbt init --skip-profile-setup airbnb', 'hints_enabled': 'True', 'send_anonymous_usage_stats': 'True', 'warn_error': 'None', 'version_check': 'True', 'use_experimental_parser': 'False', 'fail_fast': 'False', 'indirect_selection': 'eager', 'quiet': 'False', 'introspect': 'True', 'partial_parse': 'True', 'cache_selected_only': 'False', 'use_colors': 'True', 'warn_error_options': 'WarnErrorOptionsV2(error=[], warn=[], silence=[])', 'write_json': 'True', 'log_cache_events': 'False', 'log_format': 'default', 'no_print': 'None'}
[0m20:00:47.456812 [info ] [MainThread]: Creating dbt configuration folder at /home/training/.dbt
[0m20:00:47.458377 [debug] [MainThread]: Starter project path: /home/training/Desktop/TechCatalyst_DE_2026/.venv/lib/python3.13/site-packages/dbt/include/starter_project
[0m20:00:47.460342 [info ] [MainThread]: Your new dbt project "airbnb" was created!
Initialized new project in /home/training/Desktop/TechCatalyst_DE_2026/student-work/Week 5/Labs/Day 4/airbnb/airbnb

For more information on how to configure the profiles.yml file,
please consult the dbt documentation here:

  https://docs.getdbt.com/docs/configure-your-profile

One more thing:

Need help? Don't hesitate to reach out to us via GitHub issues or on Slack:

  https://community.getdbt.com/

Happy modeling!

[0m20:00:47.461363 [debug] [MainThread]: Resource report: {"command_name": "init", "command_success": true, "command_wall_clock_time": 0.14924291, "process_in_blocks": "72", "process_kernel_time": 0.107017, "process_mem_max_rss": "114824", "process_out_blocks": "760", "process_user_time": 1.636274}
[0m20:00:47.461904 [debug] [MainThread]: Command `dbt init` succeeded at 20:00:47.461784 after 0.15 seconds
[0m20:00:47.462433 [debug] [MainThread]: Sending event: {'category': 'dbt', 'action': 'invocation', 'label': 'end', 'context': [<snowplow_tracker.self_describing_json.SelfDescribingJson object at 0x76993c1dc3e0>, <snowplow_tracker.self_describing_json.SelfDescribingJson object at 0x76993c144290>, <snowplow_tracker.self_describing_json.SelfDescribingJson object at 0x76993c2db570>]}
[0m20:00:47.462895 [debug] [MainThread]: Flushing usage events
[0m20:00:47.539815 [debug] [MainThread]: An error was encountered while trying to flush usage events
