0,0.5676335692405701,1.162124752998352
1,0.4683356285095215,0.6056257486343384
2,0.4568784534931183,0.5737389922142029
3,0.44979128241539,0.576780378818512
4,0.4529610276222229,0.5789390802383423
5,0.45204222202301025,0.577438235282898
6,0.45075640082359314,0.5712505578994751
7,0.4483377933502197,0.5712109804153442
8,0.44742459058761597,0.5749091506004333
9,0.44740089774131775,0.5778115391731262
10,0.4487217664718628,0.5770176649093628
11,0.446029394865036,0.5743188858032227
12,0.44552284479141235,0.57282555103302
13,0.4455301761627197,0.570273756980896
14,0.4451940059661865,0.5702347755432129
15,0.4457133710384369,0.5666404366493225
16,0.4458470046520233,0.5627886056900024
17,0.4466937780380249,0.5629706978797913
18,0.4442693889141083,0.5633060336112976
19,0.44388073682785034,0.5632538199424744
20,0.4441109299659729,0.563681960105896
21,0.44383692741394043,0.5611315369606018
22,0.44481533765792847,0.5609107613563538
23,0.4445749521255493,0.5619592070579529
24,0.4442155063152313,0.5617320537567139
25,0.4443422853946686,0.5606001019477844
26,0.44511109590530396,0.5598552227020264
27,0.4449211359024048,0.5574600696563721
28,0.4455796480178833,0.5575045347213745
29,0.446237176656723,0.5592560768127441
30,0.4465855360031128,0.5593757629394531
31,0.44661298394203186,0.561345100402832
32,0.446439653635025,0.5606932640075684
33,0.44723668694496155,0.5603745579719543
34,0.44716206192970276,0.5594732165336609
35,0.44767823815345764,0.5604068636894226
36,0.44778233766555786,0.5593647956848145
37,0.4468911290168762,0.5584291219711304
38,0.44634121656417847,0.5577663779258728
39,0.4466772675514221,0.5577273964881897
40,0.4472702145576477,0.5590893626213074
41,0.44728565216064453,0.5596892833709717
42,0.44748246669769287,0.56037437915802
43,0.4472728967666626,0.5605983138084412
44,0.44729119539260864,0.5606530904769897
45,0.44767192006111145,0.5608040690422058
46,0.4481572210788727,0.5621178150177002
47,0.4486420452594757,0.5615243315696716
48,0.4481510818004608,0.5607289671897888
49,0.4479265809059143,0.559210479259491
50,0.4482977092266083,0.5598929524421692
51,0.4480808675289154,0.559040367603302
52,0.44789183139801025,0.5596961975097656
53,0.4478168785572052,0.5596103668212891
54,0.44790226221084595,0.5591002702713013
55,0.44808173179626465,0.5594300031661987
56,0.44766557216644287,0.5589175820350647
57,0.44774430990219116,0.5587642788887024
58,0.4477291703224182,0.5587580800056458
59,0.44806239008903503,0.5574620366096497
60,0.44799453020095825,0.557522177696228
61,0.4475715756416321,0.5571372509002686
62,0.4472074508666992,0.5565892457962036
63,0.4474327862262726,0.5564900040626526
64,0.4472808539867401,0.5563672780990601
65,0.44754576683044434,0.5567504167556763
66,0.4476816654205322,0.5575180649757385
67,0.4479689598083496,0.5576995015144348
68,0.4481580853462219,0.5580125451087952
69,0.44852107763290405,0.5578446984291077
70,0.4483881890773773,0.5580392479896545
71,0.4481336176395416,0.5578117370605469
72,0.4482053816318512,0.5577713251113892
73,0.4482977092266083,0.5582156777381897
74,0.44802263379096985,0.5581586956977844
75,0.4478002190589905,0.5589722394943237
76,0.44799482822418213,0.5591230392456055
77,0.44799795746803284,0.5591875314712524
78,0.4479385018348694,0.5597789287567139
79,0.4475288391113281,0.5590407848358154
80,0.4473826289176941,0.5582241415977478
81,0.44763898849487305,0.5587154626846313
82,0.4477123022079468,0.5583544969558716
83,0.4477052390575409,0.5584044456481934
84,0.4478185176849365,0.5583184957504272
85,0.4476490616798401,0.5581526756286621
86,0.44787704944610596,0.5584228038787842
87,0.44806143641471863,0.5585269927978516
88,0.44810476899147034,0.5586438775062561
89,0.4480994641780853,0.5587235689163208
90,0.44832485914230347,0.5581716895103455
91,0.4483197331428528,0.5585619807243347
92,0.44816529750823975,0.558526337146759
93,0.44813546538352966,0.5581990480422974
94,0.44794201850891113,0.5578551888465881
95,0.44817057251930237,0.5578474998474121
96,0.4480527341365814,0.5580667853355408
97,0.44808730483055115,0.5578527450561523
98,0.4480505883693695,0.5578185319900513
99,0.44826436042785645,0.5573053359985352
100,0.44841936230659485,0.5568420886993408
101,0.44814592599868774,0.5562778115272522
102,0.44813212752342224,0.5567001104354858
103,0.44799691438674927,0.5571537613868713
104,0.44809603691101074,0.5577410459518433
105,0.448231041431427,0.5577313303947449
106,0.44822752475738525,0.5577020645141602
107,0.44808897376060486,0.5575026273727417
108,0.4481687843799591,0.5578762888908386
109,0.448310524225235,0.5579501390457153
110,0.44846975803375244,0.5582765936851501
111,0.4485870897769928,0.5584505796432495
112,0.44858816266059875,0.5584009885787964
113,0.4485871195793152,0.5586066842079163
114,0.4485146105289459,0.5579036474227905
115,0.4486260712146759,0.5584571361541748
116,0.4484829604625702,0.5585470795631409
117,0.448514848947525,0.5581498742103577
118,0.4483846127986908,0.5578808784484863
119,0.448213666677475,0.5578010678291321
120,0.44825682044029236,0.5575423240661621
121,0.44826385378837585,0.5573552250862122
122,0.44839563965797424,0.5572221875190735
123,0.448291152715683,0.5573082566261292
124,0.44827908277511597,0.5572840571403503
125,0.44838663935661316,0.5575633645057678
126,0.4484933912754059,0.5575436353683472
127,0.44853413105010986,0.5570108294487
128,0.4483991265296936,0.557037889957428
129,0.44839411973953247,0.5572839975357056
130,0.4482993483543396,0.5572123527526855
131,0.44831031560897827,0.5572763085365295
132,0.4484129846096039,0.5570550560951233
133,0.4485430121421814,0.5571741461753845
134,0.44861462712287903,0.5573689341545105
135,0.4486105442047119,0.5577362179756165
136,0.4485167860984802,0.5576514601707458
137,0.4484871029853821,0.557837188243866
138,0.4485822916030884,0.5575336217880249
139,0.4485548138618469,0.5575058460235596
140,0.4485519528388977,0.5570199489593506
141,0.4484735429286957,0.5571221113204956
142,0.44849348068237305,0.5572682619094849
143,0.4483691155910492,0.5567846894264221
144,0.4484440088272095,0.5568188428878784
145,0.44853779673576355,0.5567759871482849
146,0.4482325315475464,0.5564671158790588
147,0.44817206263542175,0.5564238429069519
148,0.44818300008773804,0.5563269257545471
149,0.4483521282672882,0.5566492080688477
150,0.4484195113182068,0.5568407773971558
